------------------------------------------------------------
TimeQuest Timing Analyzer Summary
------------------------------------------------------------

Type  : Slow Model Setup 'lee_memory_write_enable'
Slack : -5.332
TNS   : -319.550

Type  : Slow Model Setup 'lee_clk'
Slack : -4.360
TNS   : -3824.632

Type  : Slow Model Setup 'lee_address_select[0]'
Slack : -0.407
TNS   : -4.239

Type  : Slow Model Hold 'lee_address_select[0]'
Slack : -3.765
TNS   : -1609.120

Type  : Slow Model Hold 'lee_memory_write_enable'
Slack : -3.295
TNS   : -1396.659

Type  : Slow Model Hold 'lee_clk'
Slack : 1.012
TNS   : 0.000

Type  : Slow Model Minimum Pulse Width 'lee_memory_write_enable'
Slack : -1.380
TNS   : -1.380

Type  : Slow Model Minimum Pulse Width 'lee_clk'
Slack : -1.222
TNS   : -2049.222

Type  : Slow Model Minimum Pulse Width 'lee_32bit_key[0]'
Slack : -1.222
TNS   : -1.222

Type  : Slow Model Minimum Pulse Width 'lee_address_select[0]'
Slack : -1.222
TNS   : -1.222

Type  : Fast Model Setup 'lee_memory_write_enable'
Slack : -2.166
TNS   : -108.103

Type  : Fast Model Setup 'lee_clk'
Slack : -1.755
TNS   : -1299.335

Type  : Fast Model Setup 'lee_address_select[0]'
Slack : 0.069
TNS   : 0.000

Type  : Fast Model Hold 'lee_address_select[0]'
Slack : -2.036
TNS   : -905.379

Type  : Fast Model Hold 'lee_memory_write_enable'
Slack : -1.819
TNS   : -883.835

Type  : Fast Model Hold 'lee_clk'
Slack : 0.735
TNS   : 0.000

Type  : Fast Model Minimum Pulse Width 'lee_memory_write_enable'
Slack : -1.380
TNS   : -1.380

Type  : Fast Model Minimum Pulse Width 'lee_clk'
Slack : -1.222
TNS   : -2049.222

Type  : Fast Model Minimum Pulse Width 'lee_32bit_key[0]'
Slack : -1.222
TNS   : -1.222

Type  : Fast Model Minimum Pulse Width 'lee_address_select[0]'
Slack : -1.222
TNS   : -1.222

------------------------------------------------------------
